                                     G D M A

                                 by Anthony Stone

                         version 2.2, 11 January 2006

               Distributed Multipoles from Gaussian wavefunctions



Starting at 16:8:21 on 2 Oct 2006   


Using SCF density matrix from file 2TOH.geom0.fchk


                         Distributed Multipole Analysis

Standard DMA for products of primitives with exponent greater than 4.00000
Using 80-point Euler-MacLaurin radial quadrature
Using 590-point Lebedev quadrature
Becke smoothing parameter = 3

Positions and radii in bohr
Multipole moments in atomic units, ea_0^k for rank k

H          x =  0.094700  y = -0.901299  z = -1.044799
           Maximum rank =  3   Relative radius =  0.614
                   Q00  =   0.239510
|Q1| =   0.045580  Q10  =   0.041304  Q11c =  -0.005814  Q11s =   0.018378

|Q2| =   0.161571  Q20  =   0.063540  Q21c =  -0.001277  Q21s =   0.120892
                   Q22c =  -0.080300  Q22s =   0.031672
|Q3| =   0.130056  Q30  =  -0.056761  Q31c =   0.017168  Q31s =  -0.101930
                   Q32c =   0.053201  Q32s =   0.005018  Q33c =   0.010792
                   Q33s =  -0.006032

H          x =  1.066499  y = -5.495201  z =  5.671100
           Maximum rank =  3   Relative radius =  0.614
                   Q00  =   0.266645
|Q1| =   0.046073  Q10  =  -0.018343  Q11c =  -0.036527  Q11s =   0.021260

|Q2| =   0.160939  Q20  =  -0.107261  Q21c =   0.016109  Q21s =  -0.019096
                   Q22c =   0.033375  Q22s =   0.112510
|Q3| =   0.090667  Q30  =  -0.026743  Q31c =  -0.058158  Q31s =   0.001825
                   Q32c =   0.036419  Q32s =  -0.006981  Q33c =   0.041685
                   Q33s =   0.031733

H          x = -5.764800  y = -3.274999  z =  8.061300
           Maximum rank =  3   Relative radius =  0.614
                   Q00  =   0.243408
|Q1| =   0.045546  Q10  =  -0.016513  Q11c =   0.039277  Q11s =  -0.016095

|Q2| =   0.152045  Q20  =  -0.057984  Q21c =  -0.034474  Q21s =   0.026830
                   Q22c =   0.091749  Q22s =  -0.097105
|Q3| =   0.134052  Q30  =  -0.045580  Q31c =   0.031163  Q31s =  -0.016648
                   Q32c =   0.063581  Q32s =  -0.079193  Q33c =  -0.029965
                   Q33s =   0.058586

H          x =  3.589900  y = -0.569499  z =  5.048199
           Maximum rank =  3   Relative radius =  0.614
                   Q00  =   0.246379
|Q1| =   0.044012  Q10  =  -0.008165  Q11c =  -0.041307  Q11s =  -0.012812

|Q2| =   0.157554  Q20  =  -0.075932  Q21c =   0.082759  Q21s =   0.031990
                   Q22c =   0.041478  Q22s =   0.097287
|Q3| =   0.132529  Q30  =  -0.067690  Q31c =  -0.037339  Q31s =  -0.014607
                   Q32c =   0.041594  Q32s =   0.040823  Q33c =   0.047531
                   Q33s =   0.075620

H          x = -4.939901  y = -7.297601  z =  2.235200
           Maximum rank =  3   Relative radius =  0.614
                   Q00  =   0.239527
|Q1| =   0.046017  Q10  =   0.038516  Q11c =   0.005455  Q11s =   0.024582

|Q2| =   0.158058  Q20  =   0.110623  Q21c =  -0.023760  Q21s =   0.109041
                   Q22c =  -0.011838  Q22s =   0.012268
|Q3| =   0.134417  Q30  =  -0.033879  Q31c =  -0.029858  Q31s =  -0.097265
                   Q32c =   0.073101  Q32s =  -0.034911  Q33c =   0.000562
                   Q33s =  -0.002326

H          x = -1.634299  y =  3.674100  z =  3.657699
           Maximum rank =  3   Relative radius =  0.614
                   Q00  =   0.242638
|Q1| =   0.044129  Q10  =   0.006657  Q11c =   0.020621  Q11s =  -0.038443

|Q2| =   0.160274  Q20  =  -0.010125  Q21c =   0.052587  Q21s =  -0.079700
                   Q22c =  -0.070809  Q22s =  -0.107023
|Q3| =   0.135155  Q30  =   0.023904  Q31c =   0.043502  Q31s =  -0.042515
                   Q32c =   0.043815  Q32s =   0.047586  Q33c =   0.095975
                   Q33s =  -0.024496

O          x =  0.224700  y =  0.432099  z =  0.166600
           Maximum rank =  3   Relative radius =  1.228
                   Q00  =  -0.642905
|Q1| =   0.379964  Q10  =  -0.137922  Q11c =  -0.049510  Q11s =  -0.350569

|Q2| =   1.164566  Q20  =   0.885884  Q21c =  -0.118996  Q21s =   0.531273
                   Q22c =  -0.489450  Q22s =   0.188282
|Q3| =   1.138493  Q30  =   0.681676  Q31c =  -0.258053  Q31s =  -0.736270
                   Q32c =   0.469533  Q32s =   0.031710  Q33c =   0.014600
                   Q33s =   0.033440

O          x =  2.202701  y = -1.635399  z =  4.570000
           Maximum rank =  3   Relative radius =  1.228
                   Q00  =  -0.678122
|Q1| =   0.390436  Q10  =   0.038677  Q11c =   0.190791  Q11s =   0.338443

|Q2| =   1.204256  Q20  =  -0.607195  Q21c =   0.832507  Q21s =   0.006763
                   Q22c =   0.516601  Q22s =   0.348650
|Q3| =   1.163172  Q30  =  -0.111175  Q31c =  -0.176794  Q31s =   0.032733
                   Q32c =  -0.313198  Q32s =   0.670439  Q33c =  -0.113342
                   Q33s =   0.864785

O          x = -0.804400  y =  2.384500  z =  4.614800
           Maximum rank =  3   Relative radius =  1.228
                   Q00  =  -0.628341
|Q1| =   0.358346  Q10  =  -0.274601  Q11c =  -0.175949  Q11s =   0.148486

|Q2| =   1.152990  Q20  =  -0.199633  Q21c =   0.287342  Q21s =  -0.130655
                   Q22c =  -0.793077  Q22s =  -0.748950
|Q3| =   1.132575  Q30  =   0.574317  Q31c =   0.132546  Q31s =   0.134177
                   Q32c =   0.594022  Q32s =   0.687196  Q33c =   0.157375
                   Q33s =   0.259706

O          x = -2.466900  y = -2.416601  z =  3.380900
           Maximum rank =  3   Relative radius =  1.228
                   Q00  =  -0.950333
|Q1| =   0.126457  Q10  =   0.098915  Q11c =   0.078768  Q11s =   0.001732

|Q2| =   1.213195  Q20  =  -0.427314  Q21c =  -0.137798  Q21s =  -0.703344
                   Q22c =  -0.295404  Q22s =   0.829639
|Q3| =   1.098353  Q30  =  -0.213182  Q31c =  -0.522502  Q31s =  -0.424690
                   Q32c =  -0.528728  Q32s =   0.074285  Q33c =  -0.135450
                   Q33s =   0.635724

O          x = -0.441799  y = -6.513200  z =  5.536601
           Maximum rank =  3   Relative radius =  1.228
                   Q00  =  -0.642220
|Q1| =   0.361246  Q10  =   0.049227  Q11c =   0.202338  Q11s =   0.295186

|Q2| =   1.112769  Q20  =  -0.881738  Q21c =   0.195329  Q21s =  -0.048701
                   Q22c =   0.622290  Q22s =   0.181725
|Q3| =   1.143583  Q30  =   0.199543  Q31c =  -0.067809  Q31s =  -0.275326
                   Q32c =   0.078892  Q32s =   0.274740  Q33c =  -0.021249
                   Q33s =   1.051383

O          x = -4.095201  y = -3.988800  z =  7.980601
           Maximum rank =  3   Relative radius =  1.228
                   Q00  =  -0.625972
|Q1| =   0.343206  Q10  =  -0.115360  Q11c =  -0.308782  Q11s =   0.095585

|Q2| =   1.111175  Q20  =   0.056671  Q21c =  -0.484259  Q21s =   0.350968
                   Q22c =   0.598662  Q22s =  -0.717926
|Q3| =   1.176839  Q30  =  -0.273899  Q31c =   0.893436  Q31s =  -0.435245
                   Q32c =   0.126818  Q32s =  -0.034835  Q33c =  -0.247796
                   Q33s =   0.493522

O          x = -5.268001  y = -6.620200  z =  3.885600
           Maximum rank =  3   Relative radius =  1.228
                   Q00  =  -0.630493
|Q1| =   0.364028  Q10  =  -0.299569  Q11c =   0.192678  Q11s =  -0.075164

|Q2| =   1.116119  Q20  =   0.552585  Q21c =   0.153795  Q21s =   0.852008
                   Q22c =   0.018223  Q22s =   0.436427
|Q3| =   1.164412  Q30  =  -0.620935  Q31c =   0.166134  Q31s =  -0.573944
                   Q32c =   0.373934  Q32s =   0.564607  Q33c =  -0.321108
                   Q33s =   0.227077

Si         x = -0.244100  y = -0.291001  z =  3.155100
           Maximum rank =  3   Relative radius =  1.228
                   Q00  =   1.658679
|Q1| =   0.074361  Q10  =   0.046742  Q11c =  -0.030769  Q11s =  -0.048969

|Q2| =   0.202450  Q20  =  -0.004162  Q21c =   0.025702  Q21s =  -0.107125
                   Q22c =  -0.145128  Q22s =   0.088148
|Q3| =   1.266427  Q30  =  -0.767668  Q31c =   0.314944  Q31s =   0.466404
                   Q32c =  -0.086087  Q32s =  -0.363869  Q33c =   0.349973
                   Q33s =  -0.659930

Si         x = -3.058699  y = -4.894701  z =  5.205901
           Maximum rank =  3   Relative radius =  1.228
                   Q00  =   1.661596
|Q1| =   0.019051  Q10  =   0.009060  Q11c =   0.006534  Q11s =   0.015432

|Q2| =   0.151490  Q20  =  -0.041839  Q21c =  -0.010571  Q21s =  -0.118326
                   Q22c =  -0.024689  Q22s =   0.080477
|Q3| =   1.277237  Q30  =   0.480969  Q31c =  -0.473801  Q31s =   0.515088
                   Q32c =   0.278121  Q32s =  -0.710717  Q33c =  -0.082198
                   Q33s =  -0.566545

Total multipoles
referred to origin at x =   0.000000,  y =    0.000000,  z =    0.000000
                   Q00  =  -0.000003
|Q1| =   1.368608  Q10  =  -1.087158  Q11c =   0.189451  Q11s =   0.809496

|Q2| =  23.388676  Q20  =  -7.499490  Q21c =   5.648206  Q21s =  18.825825
                   Q22c =   8.966672  Q22s =  -4.906394
|Q3| = 272.285947  Q30  = -12.907760  Q31c =  34.576951  Q31s =  98.864107
                   Q32c = 223.933035  Q32s =-110.066459  Q33c = -12.899279
                   Q33s = -24.006844

CPU time used:      5m 3.856s          Total:      5m 3.856s

Finished at 16:18:28 on 2 Oct 2006  
